
> starter_helpi@0.1.0 test
> react-scripts test --coverage

FAIL src/App.test.tsx
  ✕ renders learn react link (46 ms)

  ● renders learn react link

    TestingLibraryElementError: Unable to find an element with the text: /learn react/i. This could be because the text is broken up by multiple elements. In this case, you can provide a function for your text matcher to make your matcher more flexible.

    Ignored nodes: comments, script, style
    [36m<body>[39m
      [36m<div>[39m
        [36m<div[39m
          [33mclass[39m=[32m"App"[39m
        [36m>[39m
          [36m<div>[39m
            [36m<div>[39m
              [36m<header[39m
                [33mclass[39m=[32m"homePgHeader"[39m
              [36m>[39m
                [36m<div[39m
                  [33mclass[39m=[32m"buttonContainer"[39m
                [36m>[39m
                  [36m<button[39m
                    [33mclass[39m=[32m"homePgHeaderButtons"[39m
                  [36m>[39m
                    [0mHome[0m
                  [36m</button>[39m
                  [36m<button[39m
                    [33mclass[39m=[32m"homePgHeaderButtons"[39m
                  [36m>[39m
                    [0mShort Quiz[0m
                  [36m</button>[39m
                  [36m<button[39m
                    [33mclass[39m=[32m"homePgHeaderButtons"[39m
                  [36m>[39m
                    [0mLong Quiz[0m
                  [36m</button>[39m
                  [36m<div[39m
                    [33mclass[39m=[32m"dropdown "[39m
                  [36m>[39m
                    [36m<button[39m
                      [33mclass[39m=[32m"dropdownButton"[39m
                    [36m>[39m
                      [36m<div[39m
                        [33mclass[39m=[32m"bar"[39m
                      [36m/>[39m
                      [36m<div[39m
                        [33mclass[39m=[32m"bar"[39m
                      [36m/>[39m
                      [36m<div[39m
                        [33mclass[39m=[32m"bar"[39m
                      [36m/>[39m
                    [36m</button>[39m
                  [36m</div>[39m
                [36m</div>[39m
              [36m</header>[39m
            [36m</div>[39m
            [36m<div[39m
              [33mclass[39m=[32m"container"[39m
            [36m>[39m
              [36m<h1>[39m
                [0mWelcome to the (Placeholder Name) job quiz.[0m
              [36m</h1>[39m
              [36m<p[39m
                [33mclass[39m=[32m"spacer"[39m
              [36m>[39m
                [0m [0m
              [36m</p>[39m
              [36m<p[39m
                [33mclass[39m=[32m"textContainer"[39m
              [36m>[39m
                [0mUnsure of what career is right for you? We have you covered.[0m
              [36m</p>[39m
              [36m<p />[39m
              [36m<p[39m
                [33mclass[39m=[32m"textContainer"[39m
              [36m>[39m
                [0mWith our (Placeholder Name) job quiz, you can discover careers perfect for you in just 10 minutes. By answering a few simple questions, we will get you on the path to success.[0m
              [36m</p>[39m
              [36m<p[39m
                [33mclass[39m=[32m"spacer"[39m
              [36m>[39m
                [0m [0m
              [36m</p>[39m
              [36m<p[39m
                [33mclass[39m=[32m"spacer"[39m
              [36m>[39m
                [0m [0m
              [36m</p>[39m
              [36m<h2>[39m
                [0mThere are two types of quizzes that you can take:[0m
              [36m</h2>[39m
              [36m<div[39m
                [33mclass[39m=[32m"promptContainer"[39m
              [36m>[39m
                [36m<div>[39m
                  [36m<button[39m
                    [33mclass[39m=[32m"quizButton"[39m
                  [36m>[39m
                    [0mMultiple Choice[0m
                  [36m</button>[39m
                  [36m<p[39m
                    [33mclass[39m=[32m"textContainer"[39m
                  [36m>[39m
                    [0mThis exam is the shorter quiz. Its questions are all multiple choice and shouldn’t take too long to complete. Choose the answer that best matches your own preferences, beliefs, and opinions. This test is powered by ChatGPT’s Large Language Model.[0m
                  [36m</p>[39m
                [36m</div>[39m
                [36m<div>[39m
                  [36m<button[39m
                    [33mclass[39m=[32m"quizButton"[39m
                  [36m>[39m
                    [0mShort Answer[0m
                  [36m</button>[39m
                  [36m<p[39m
                    [33mclass[39m=[32m"textContainer"[39m
                  [36m>[39m
                    [0mThis exam has more complex questions that require more thought with fill-in-the-blank answers being required. Expect this to take longer than the multiple choice. This test is powered by ChatGPT’s Large Language Model.[0m
                  [36m</p>[39m
                [36m</div>[39m
              [36m</div>[39m
              [36m<p />[39m
              [36m<p />[39m
              [36m<p[39m
                [33mclass[39m=[32m"wideTextContainer"[39m
              [36m>[39m
                [0mUnderstand that we collect some information about you in order to suggest careers. This information is not used elsewhere for any purpose.[0m
              [36m</p>[39m
              [36m<form>[39m
                [36m<label>[39m
                  [0mAPI Key:[0m
                [36m</label>[39m
                [36m<input[39m
                  [33mplaceholder[39m=[32m"Insert API Key Here"[39m
                  [33mtype[39m=[32m"password"[39m
                [36m/>[39m
                [36m<br />[39m
                [36m<button[39m
                  [33mclass[39m=[32m"Submit-Button"[39m
                  [33mtype[39m=[32m"button"[39m
                [36m>[39m
                  [0mSubmit[0m
                [36m</button>[39m
              [36m</form>[39m
            [36m</div>[39m
          [36m</div>[39m
        [36m</div>[39m
      [36m</div>[39m
    [36m</body>[39m

       5 | test('renders learn react link', () => {
       6 |   render(<App />);
    >  7 |   const linkElement = screen.getByText(/learn react/i);
         |                              ^
       8 |   expect(linkElement).toBeInTheDocument();
       9 | });
      10 |

      at Object.getElementError (node_modules/@testing-library/react/node_modules/@testing-library/dom/dist/config.js:37:19)
      at node_modules/@testing-library/react/node_modules/@testing-library/dom/dist/query-helpers.js:76:38
      at node_modules/@testing-library/react/node_modules/@testing-library/dom/dist/query-helpers.js:52:17
      at getByText (node_modules/@testing-library/react/node_modules/@testing-library/dom/dist/query-helpers.js:95:19)
      at Object.<anonymous> (src/App.test.tsx:7:30)
      at TestScheduler.scheduleTests (node_modules/@jest/core/build/TestScheduler.js:333:13)
      at runJest (node_modules/@jest/core/build/runJest.js:404:19)
      at _run10000 (node_modules/@jest/core/build/cli/index.js:320:7)
      at runCLI (node_modules/@jest/core/build/cli/index.js:173:3)

[0;33mOne of your dependencies, babel-preset-react-app, is importing the
"@babel/plugin-proposal-private-property-in-object" package without
declaring it in its dependencies. This is currently working because
"@babel/plugin-proposal-private-property-in-object" is already in your
node_modules folder for unrelated reasons, but it [1mmay break at any time[0;33m.

babel-preset-react-app is part of the create-react-app project, [1mwhich
is not maintianed anymore[0;33m. It is thus unlikely that this bug will
ever be fixed. Add "@babel/plugin-proposal-private-property-in-object" to
your devDependencies to work around this error. This will make this message
go away.[0m
  
------------------------------------------------|---------|----------|---------|---------|-------------------
File                                            | % Stmts | % Branch | % Funcs | % Lines | Uncovered Line #s 
------------------------------------------------|---------|----------|---------|---------|-------------------
All files                                       |   10.93 |      7.6 |    1.63 |   10.75 |                   
 src                                            |   36.84 |    38.88 |      20 |   36.11 |                   
  App.tsx                                       |   52.38 |       50 |   18.18 |      55 | 15,19,24,31-51    
  Setting_menu.tsx                              |      50 |       50 |      50 |      40 | 14-18             
  index.tsx                                     |       0 |      100 |     100 |       0 | 7-19              
  reportWebVitals.ts                            |       0 |        0 |       0 |       0 | 3-10              
 src/pages                                      |       0 |        0 |       0 |       0 |                   
  FinalReport.tsx                               |       0 |        0 |       0 |       0 | 11-22             
 src/pages/BasicQuestions                       |    1.86 |        0 |       0 |    1.88 |                   
  BasicQuestionOverlay.tsx                      |    1.12 |        0 |       0 |    1.13 | 49-218            
  MainBasicQ.tsx                                |    5.55 |        0 |       0 |    5.55 | 16-54             
 src/pages/BasicQuestions/Business Questions    |   11.53 |      100 |       0 |   11.53 |                   
  BusinessQ1.tsx                                |      10 |      100 |       0 |      10 | 9-25              
  BusinessQ2.tsx                                |      10 |      100 |       0 |      10 | 9-25              
  BusinessQ3.tsx                                |    12.5 |      100 |       0 |    12.5 | 9-23              
  BusinessQ4.tsx                                |    12.5 |      100 |       0 |    12.5 | 9-23              
  BusinessQ5.tsx                                |    12.5 |      100 |       0 |    12.5 | 9-23              
  BusinessQ6.tsx                                |    12.5 |      100 |       0 |    12.5 | 9-23              
 src/pages/BasicQuestions/Healthcare Questions  |   11.76 |      100 |       0 |   11.76 |                   
  HealthcareQ1.tsx                              |      10 |      100 |       0 |      10 | 9-25              
  HealthcareQ2.tsx                              |   11.11 |      100 |       0 |   11.11 | 9-22              
  HealthcareQ3.tsx                              |    12.5 |      100 |       0 |    12.5 | 9-23              
  HealthcareQ4.tsx                              |    12.5 |      100 |       0 |    12.5 | 9-23              
  HealthcareQ5.tsx                              |    12.5 |      100 |       0 |    12.5 | 9-23              
  HealthcareQ6.tsx                              |    12.5 |      100 |       0 |    12.5 | 9-24              
 src/pages/BasicQuestions/Math Questions        |   12.76 |      100 |       0 |   12.76 |                   
  MathQ1.tsx                                    |    12.5 |      100 |       0 |    12.5 | 9-23              
  MathQ2.tsx                                    |    12.5 |      100 |       0 |    12.5 | 9-23              
  MathQ3.tsx                                    |    12.5 |      100 |       0 |    12.5 | 9-23              
  MathQ4.tsx                                    |    12.5 |      100 |       0 |    12.5 | 9-23              
  MathQ5.tsx                                    |   14.28 |      100 |       0 |   14.28 | 9-20              
  MathQ6.tsx                                    |    12.5 |      100 |       0 |    12.5 | 9-23              
 src/pages/BasicQuestions/Techonology Questions |   11.11 |      100 |       0 |   11.11 |                   
  TechQ1.tsx                                    |   11.11 |      100 |       0 |   11.11 | 11-24             
  TechQ2.tsx                                    |    12.5 |      100 |       0 |    12.5 | 9-23              
  TechQ3.tsx                                    |      10 |      100 |       0 |      10 | 9-25              
  TechQ4.tsx                                    |    12.5 |      100 |       0 |    12.5 | 9-23              
  TechQ5.tsx                                    |    12.5 |      100 |       0 |    12.5 | 9-23              
  TechQ6.tsx                                    |    9.09 |      100 |       0 |    9.09 | 9-24              
 src/pages/DetailedQuestions                    |    5.55 |        0 |       0 |    5.55 |                   
  Detailed1.tsx                                 |       0 |      100 |       0 |       0 | 4                 
  Detailed2.tsx                                 |       0 |      100 |       0 |       0 | 4                 
  Detailed3.tsx                                 |       0 |      100 |       0 |       0 | 4                 
  Detailed4.tsx                                 |       0 |      100 |       0 |       0 | 4                 
  Detailed5.tsx                                 |       0 |      100 |       0 |       0 | 4                 
  Detailed6.tsx                                 |       0 |      100 |       0 |       0 | 4                 
  Detailed7.tsx                                 |       0 |      100 |       0 |       0 | 4                 
  DetailedQuestion.tsx                          |    9.09 |        0 |       0 |    9.09 | 19-77             
------------------------------------------------|---------|----------|---------|---------|-------------------
Test Suites: 1 failed, 1 total
Tests:       1 failed, 1 total
Snapshots:   0 total
Time:        4.142 s
Ran all test suites.
